sui : UPDATING GIT DEPENDENCY https://github.com/MystenLabs/sui.git
At line:1 char:1
+ sui move build > build_output.txt 2>&1
+ ~~~~~~~~~~~~~~~~~~~~~~~~~~~~~~~~~~~~~~
    + CategoryInfo          : NotSpecified: (UPDATING GIT DE...tenLabs/sui.git:String) [], RemoteException
    + FullyQualifiedErrorId : NativeCommandError
 
INCLUDING DEPENDENCY Sui
INCLUDING DEPENDENCY MoveStdlib
BUILDING abdullah_zubair
[0m[1m[38;5;9merror[E04007][0m[1m: incompatible types[0m
   [0m[36mΓöîΓöÇ[0m .\sources\abdullah_zubair.move:36:29
   [0m[36mΓöé[0m
[0m[36m36[0m [0m[36mΓöé[0m             base_image_url: 
[0m[31murl::new_unsafe(string::utf8(b"https://i.pinimg.com/564x/50/08/ef/5008efb9df96969624d2674645027a3a.jpg"))[0m,
   [0m[36mΓöé[0m                             
[0m[31m^^^^^^^^^^^^^^^^^^^^^^^^^^^^^^^^^^^^^^^^^^^^^^^^^^^^^^^^^^^^^^^^^^^^^^^^^^^^^^^^^^^^^^^^^^^^^^^^^^^^^^^^^[0m [0m[31mInvalid call of 
'sui::url::new_unsafe'. Invalid argument for parameter 'url'[0m
   [0m[36mΓöé[0m
   [0m[36mΓöîΓöÇ[0m 
C:\Users\hamid/.move\https___github_com_MystenLabs_sui_git_framework__testnet\crates\sui-framework\packages\move-stdlib\sources\string.move:23:41
   [0m[36mΓöé[0m
[0m[36m23[0m [0m[36mΓöé[0m     public fun utf8(bytes: vector<u8>): String {
   [0m[36mΓöé[0m                                         [0m[36m------[0m [0m[36mGiven: 'std::string::String'[0m
   [0m[36mΓöé[0m
   [0m[36mΓöîΓöÇ[0m 
C:\Users\hamid/.move\https___github_com_MystenLabs_sui_git_framework__testnet\crates/sui-framework/packages/sui-framework\sources\url.move:15:32
   [0m[36mΓöé[0m
[0m[36m15[0m [0m[36mΓöé[0m     public fun new_unsafe(url: String): Url {
   [0m[36mΓöé[0m                                [0m[36m------[0m [0m[36mExpected: 'std::ascii::String'[0m

[0m[1m[38;5;9merror[E04007][0m[1m: incompatible types[0m
   [0m[36mΓöîΓöÇ[0m .\sources\abdullah_zubair.move:51:25
   [0m[36mΓöé[0m  
[0m[36m51[0m [0m[36mΓöé[0m           let image_url = [0m[31murl::new_unsafe([0m
   [0m[36mΓöé[0m [0m[31mΓò¡[0m[0m[31mΓöÇΓöÇΓöÇΓöÇΓöÇΓöÇΓöÇΓöÇΓöÇΓöÇΓöÇΓöÇΓöÇΓöÇΓöÇΓöÇΓöÇΓöÇΓöÇΓöÇΓöÇΓöÇΓöÇΓöÇΓöÇ^[0m
[0m[36m52[0m [0m[36mΓöé[0m [0m[31mΓöé[0m [0m[31m            string::append([0m
[0m[36m53[0m [0m[36mΓöé[0m [0m[31mΓöé[0m [0m[31m                
&string::utf8(b"https://i.pinimg.com/564x/50/08/ef/5008efb9df96969624d2674645027a3a.jpg"),[0m
[0m[36m54[0m [0m[36mΓöé[0m [0m[31mΓöé[0m [0m[31m                &string::from_ascii(mint_number)sui[0m
[0m[36m55[0m [0m[36mΓöé[0m [0m[31mΓöé[0m [0m[31m            )[0m
[0m[36m56[0m [0m[36mΓöé[0m [0m[31mΓöé[0m [0m[31m        )[0m;
   [0m[36mΓöé[0m [0m[31mΓò░[0m[0m[31mΓöÇΓöÇΓöÇΓöÇΓöÇΓöÇΓöÇΓöÇΓöÇ^ Invalid call of 'sui::url::new_unsafe'. Invalid argument for parameter 'url'[0m
   [0m[36mΓöé[0m  
   [0m[36mΓöîΓöÇ[0m 
C:\Users\hamid/.move\https___github_com_MystenLabs_sui_git_framework__testnet\crates\sui-framework\packages\move-stdlib\sources\string.move:68:16
   [0m[36mΓöé[0m
[0m[36m68[0m [0m[36mΓöé[0m     public fun append(s: &mut String, r: String) {
   [0m[36mΓöé[0m                [0m[36m------[0m [0m[36mGiven: '()'[0m
   [0m[36mΓöé[0m
   [0m[36mΓöîΓöÇ[0m 
C:\Users\hamid/.move\https___github_com_MystenLabs_sui_git_framework__testnet\crates/sui-framework/packages/sui-framework\sources\url.move:15:32
   [0m[36mΓöé[0m
[0m[36m15[0m [0m[36mΓöé[0m     public fun new_unsafe(url: String): Url {
   [0m[36mΓöé[0m                                [0m[36m------[0m [0m[36mExpected: 'std::ascii::String'[0m

[0m[1m[38;5;9merror[E04006][0m[1m: invalid subtype[0m
   [0m[36mΓöîΓöÇ[0m .\sources\abdullah_zubair.move:52:13
   [0m[36mΓöé[0m  
[0m[36m52[0m [0m[36mΓöé[0m [0m[31mΓò¡[0m             [0m[31mstring::append([0m
[0m[36m53[0m [0m[36mΓöé[0m [0m[31mΓöé[0m [0m[31m                
&string::utf8(b"https://i.pinimg.com/564x/50/08/ef/5008efb9df96969624d2674645027a3a.jpg"),[0m
   [0m[36mΓöé[0m [0m[31mΓöé[0m                 [0m[36m-----------------------------------------------------------------------------------------[0m 
[0m[36mGiven: '&std::string::String'[0m
[0m[36m54[0m [0m[36mΓöé[0m [0m[31mΓöé[0m [0m[31m                &string::from_ascii(mint_number)sui[0m
[0m[36m55[0m [0m[36mΓöé[0m [0m[31mΓöé[0m [0m[31m            )[0m
   [0m[36mΓöé[0m [0m[31mΓò░[0m[0m[31mΓöÇΓöÇΓöÇΓöÇΓöÇΓöÇΓöÇΓöÇΓöÇΓöÇΓöÇΓöÇΓöÇ^ Invalid call of 'std::string::append'. Invalid argument for parameter 's'[0m
   [0m[36mΓöé[0m  
   [0m[36mΓöîΓöÇ[0m 
C:\Users\hamid/.move\https___github_com_MystenLabs_sui_git_framework__testnet\crates\sui-framework\packages\move-stdlib\sources\string.move:68:26
   [0m[36mΓöé[0m
[0m[36m68[0m [0m[36mΓöé[0m     public fun append(s: &mut String, r: String) {
   [0m[36mΓöé[0m                          [0m[36m-----------[0m [0m[36mExpected: '&mut std::string::String'[0m

[0m[1m[38;5;9merror[E04007][0m[1m: incompatible types[0m
   [0m[36mΓöîΓöÇ[0m .\sources\abdullah_zubair.move:52:13
   [0m[36mΓöé[0m  
[0m[36m52[0m [0m[36mΓöé[0m [0m[31mΓò¡[0m             [0m[31mstring::append([0m
[0m[36m53[0m [0m[36mΓöé[0m [0m[31mΓöé[0m [0m[31m                
&string::utf8(b"https://i.pinimg.com/564x/50/08/ef/5008efb9df96969624d2674645027a3a.jpg"),[0m
[0m[36m54[0m [0m[36mΓöé[0m [0m[31mΓöé[0m [0m[31m                &string::from_ascii(mint_number)sui[0m
   [0m[36mΓöé[0m [0m[31mΓöé[0m                 [0m[36m--------------------------------[0m [0m[36mGiven: '&std::string::String'[0m
[0m[36m55[0m [0m[36mΓöé[0m [0m[31mΓöé[0m [0m[31m            )[0m
   [0m[36mΓöé[0m [0m[31mΓò░[0m[0m[31mΓöÇΓöÇΓöÇΓöÇΓöÇΓöÇΓöÇΓöÇΓöÇΓöÇΓöÇΓöÇΓöÇ^ Invalid call of 'std::string::append'. Invalid argument for parameter 'r'[0m
   [0m[36mΓöé[0m  
   [0m[36mΓöîΓöÇ[0m 
C:\Users\hamid/.move\https___github_com_MystenLabs_sui_git_framework__testnet\crates\sui-framework\packages\move-stdlib\sources\string.move:68:42
   [0m[36mΓöé[0m
[0m[36m68[0m [0m[36mΓöé[0m     public fun append(s: &mut String, r: String) {
   [0m[36mΓöé[0m                                          [0m[36m------[0m [0m[36mExpected: 'std::string::String'[0m

[0m[1m[38;5;9merror[E04007][0m[1m: incompatible types[0m
   [0m[36mΓöîΓöÇ[0m .\sources\abdullah_zubair.move:54:18
   [0m[36mΓöé[0m
[0m[36m45[0m [0m[36mΓöé[0m         mint_number: u64,
   [0m[36mΓöé[0m                      [0m[36m---[0m [0m[36mGiven: 'u64'[0m
   [0m[36m┬╖[0m
[0m[36m54[0m [0m[36mΓöé[0m                 &[0m[31mstring::from_ascii(mint_number)[0msui
   [0m[36mΓöé[0m                  [0m[31m^^^^^^^^^^^^^^^^^^^^^^^^^^^^^^^[0m [0m[31mInvalid call of 'std::string::from_ascii'. Invalid argument for 
parameter 's'[0m
   [0m[36mΓöé[0m
   [0m[36mΓöîΓöÇ[0m 
C:\Users\hamid/.move\https___github_com_MystenLabs_sui_git_framework__testnet\crates\sui-framework\packages\move-stdlib\sources\string.move:29:30
   [0m[36mΓöé[0m
[0m[36m29[0m [0m[36mΓöé[0m     public fun from_ascii(s: ascii::String): String {
   [0m[36mΓöé[0m                              [0m[36m-------------[0m [0m[36mExpected: 'std::ascii::String'[0m

[0m[1m[38;5;9merror[E01002][0m[1m: unexpected token[0m
   [0m[36mΓöîΓöÇ[0m .\sources\abdullah_zubair.move:54:49
   [0m[36mΓöé[0m
[0m[36m54[0m [0m[36mΓöé[0m                 &string::from_ascii(mint_number)[0m[31msui[0m
   [0m[36mΓöé[0m                                                 [0m[31m^^^[0m
   [0m[36mΓöé[0m                                                 [0m[31mΓöé[0m
   [0m[36mΓöé[0m                                                 [0m[31mUnexpected 'sui'[0m
   [0m[36mΓöé[0m                                                 [0m[36mExpected ',' or ')'[0m

Failed to build Move modules: Compilation error.
